// Jest Snapshot v1, https://goo.gl/fbAQLP

exports[`snapshot 1`] = `
Array [
  <div
    className="css-12rlors"
  >
    <div
      className="css-1regj17"
    >
      <div
        className="css-u82a2l"
      >
        <img
          alt="AIR 1"
          className="chakra-image css-1phd9a0"
          src="/images/air1.png"
        />
      </div>
      <div
        className="css-rmlqu9"
      >
        <h4
          className="css-ashcqy"
        >
          AIR 1
        </h4>
        <div
          className="css-k008qs"
        >
          <div
            className="css-1rr4qq7"
          >
            <div
              className="css-0"
            >
              $
              500
            </div>
            <div
              className="css-166sium"
            >
              <svg
                className="css-1c6amr6"
                fill="currentColor"
                height="1em"
                stroke="currentColor"
                strokeWidth="0"
                style={
                  Object {
                    "color": undefined,
                  }
                }
                viewBox="0 0 1024 1024"
                width="1em"
                xmlns="http://www.w3.org/2000/svg"
              >
                <path
                  d="M512.5 190.4l-94.4 191.3-211.2 30.7 152.8 149-36.1 210.3 188.9-99.3 188.9 99.2-36.1-210.3 152.8-148.9-211.2-30.7z"
                />
                <path
                  d="M908.6 352.8l-253.9-36.9L541.2 85.8c-3.1-6.3-8.2-11.4-14.5-14.5-15.8-7.8-35-1.3-42.9 14.5L370.3 315.9l-253.9 36.9c-7 1-13.4 4.3-18.3 9.3a32.05 32.05 0 0 0 .6 45.3l183.7 179.1L239 839.4a31.95 31.95 0 0 0 46.4 33.7l227.1-119.4 227.1 119.4c6.2 3.3 13.4 4.4 20.3 3.2 17.4-3 29.1-19.5 26.1-36.9l-43.4-252.9 183.7-179.1c5-4.9 8.3-11.3 9.3-18.3 2.7-17.5-9.5-33.7-27-36.3zM665.3 561.3l36.1 210.3-188.9-99.2-188.9 99.3 36.1-210.3-152.8-149 211.2-30.7 94.4-191.3 94.4 191.3 211.2 30.7-152.8 148.9z"
                />
              </svg>
              <svg
                className="css-1c6amr6"
                fill="currentColor"
                height="1em"
                stroke="currentColor"
                strokeWidth="0"
                style={
                  Object {
                    "color": undefined,
                  }
                }
                viewBox="0 0 1024 1024"
                width="1em"
                xmlns="http://www.w3.org/2000/svg"
              >
                <path
                  d="M512.5 190.4l-94.4 191.3-211.2 30.7 152.8 149-36.1 210.3 188.9-99.3 188.9 99.2-36.1-210.3 152.8-148.9-211.2-30.7z"
                />
                <path
                  d="M908.6 352.8l-253.9-36.9L541.2 85.8c-3.1-6.3-8.2-11.4-14.5-14.5-15.8-7.8-35-1.3-42.9 14.5L370.3 315.9l-253.9 36.9c-7 1-13.4 4.3-18.3 9.3a32.05 32.05 0 0 0 .6 45.3l183.7 179.1L239 839.4a31.95 31.95 0 0 0 46.4 33.7l227.1-119.4 227.1 119.4c6.2 3.3 13.4 4.4 20.3 3.2 17.4-3 29.1-19.5 26.1-36.9l-43.4-252.9 183.7-179.1c5-4.9 8.3-11.3 9.3-18.3 2.7-17.5-9.5-33.7-27-36.3zM665.3 561.3l36.1 210.3-188.9-99.2-188.9 99.3 36.1-210.3-152.8-149 211.2-30.7 94.4-191.3 94.4 191.3 211.2 30.7-152.8 148.9z"
                />
              </svg>
              <svg
                className="css-1c6amr6"
                fill="currentColor"
                height="1em"
                stroke="currentColor"
                strokeWidth="0"
                style={
                  Object {
                    "color": undefined,
                  }
                }
                viewBox="0 0 1024 1024"
                width="1em"
                xmlns="http://www.w3.org/2000/svg"
              >
                <path
                  d="M512.5 190.4l-94.4 191.3-211.2 30.7 152.8 149-36.1 210.3 188.9-99.3 188.9 99.2-36.1-210.3 152.8-148.9-211.2-30.7z"
                />
                <path
                  d="M908.6 352.8l-253.9-36.9L541.2 85.8c-3.1-6.3-8.2-11.4-14.5-14.5-15.8-7.8-35-1.3-42.9 14.5L370.3 315.9l-253.9 36.9c-7 1-13.4 4.3-18.3 9.3a32.05 32.05 0 0 0 .6 45.3l183.7 179.1L239 839.4a31.95 31.95 0 0 0 46.4 33.7l227.1-119.4 227.1 119.4c6.2 3.3 13.4 4.4 20.3 3.2 17.4-3 29.1-19.5 26.1-36.9l-43.4-252.9 183.7-179.1c5-4.9 8.3-11.3 9.3-18.3 2.7-17.5-9.5-33.7-27-36.3zM665.3 561.3l36.1 210.3-188.9-99.2-188.9 99.3 36.1-210.3-152.8-149 211.2-30.7 94.4-191.3 94.4 191.3 211.2 30.7-152.8 148.9z"
                />
              </svg>
              <svg
                className="css-1c6amr6"
                fill="currentColor"
                height="1em"
                stroke="currentColor"
                strokeWidth="0"
                style={
                  Object {
                    "color": undefined,
                  }
                }
                viewBox="0 0 1024 1024"
                width="1em"
                xmlns="http://www.w3.org/2000/svg"
              >
                <path
                  d="M512.5 190.4l-94.4 191.3-211.2 30.7 152.8 149-36.1 210.3 188.9-99.3 188.9 99.2-36.1-210.3 152.8-148.9-211.2-30.7z"
                />
                <path
                  d="M908.6 352.8l-253.9-36.9L541.2 85.8c-3.1-6.3-8.2-11.4-14.5-14.5-15.8-7.8-35-1.3-42.9 14.5L370.3 315.9l-253.9 36.9c-7 1-13.4 4.3-18.3 9.3a32.05 32.05 0 0 0 .6 45.3l183.7 179.1L239 839.4a31.95 31.95 0 0 0 46.4 33.7l227.1-119.4 227.1 119.4c6.2 3.3 13.4 4.4 20.3 3.2 17.4-3 29.1-19.5 26.1-36.9l-43.4-252.9 183.7-179.1c5-4.9 8.3-11.3 9.3-18.3 2.7-17.5-9.5-33.7-27-36.3zM665.3 561.3l36.1 210.3-188.9-99.2-188.9 99.3 36.1-210.3-152.8-149 211.2-30.7 94.4-191.3 94.4 191.3 211.2 30.7-152.8 148.9z"
                />
              </svg>
              <svg
                className="css-1c6amr6"
                fill="currentColor"
                height="1em"
                stroke="currentColor"
                strokeWidth="0"
                style={
                  Object {
                    "color": undefined,
                  }
                }
                viewBox="0 0 1024 1024"
                width="1em"
                xmlns="http://www.w3.org/2000/svg"
              >
                <path
                  d="M512.5 190.4l-94.4 191.3-211.2 30.7 152.8 149-36.1 210.3 188.9-99.3 188.9 99.2-36.1-210.3 152.8-148.9-211.2-30.7z"
                />
                <path
                  d="M908.6 352.8l-253.9-36.9L541.2 85.8c-3.1-6.3-8.2-11.4-14.5-14.5-15.8-7.8-35-1.3-42.9 14.5L370.3 315.9l-253.9 36.9c-7 1-13.4 4.3-18.3 9.3a32.05 32.05 0 0 0 .6 45.3l183.7 179.1L239 839.4a31.95 31.95 0 0 0 46.4 33.7l227.1-119.4 227.1 119.4c6.2 3.3 13.4 4.4 20.3 3.2 17.4-3 29.1-19.5 26.1-36.9l-43.4-252.9 183.7-179.1c5-4.9 8.3-11.3 9.3-18.3 2.7-17.5-9.5-33.7-27-36.3zM665.3 561.3l36.1 210.3-188.9-99.2-188.9 99.3 36.1-210.3-152.8-149 211.2-30.7 94.4-191.3 94.4 191.3 211.2 30.7-152.8 148.9z"
                />
              </svg>
            </div>
          </div>
          <button
            aria-label="open menu"
            className="chakra-button css-zb4mon"
            onClick={[Function]}
            type="button"
          >
            <svg
              aria-hidden={true}
              fill="currentColor"
              focusable={false}
              fontSize="2em"
              height="1em"
              stroke="currentColor"
              strokeWidth="0"
              style={
                Object {
                  "color": undefined,
                }
              }
              viewBox="0 0 1024 1024"
              width="1em"
              xmlns="http://www.w3.org/2000/svg"
            >
              <path
                d="M922.9 701.9H327.4l29.9-60.9 496.8-.9c16.8 0 31.2-12 34.2-28.6l68.8-385.1c1.8-10.1-.9-20.5-7.5-28.4a34.99 34.99 0 0 0-26.6-12.5l-632-2.1-5.4-25.4c-3.4-16.2-18-28-34.6-28H96.5a35.3 35.3 0 1 0 0 70.6h125.9L246 312.8l58.1 281.3-74.8 122.1a34.96 34.96 0 0 0-3 36.8c6 11.9 18.1 19.4 31.5 19.4h62.8a102.43 102.43 0 0 0-20.6 61.7c0 56.6 46 102.6 102.6 102.6s102.6-46 102.6-102.6c0-22.3-7.4-44-20.6-61.7h161.1a102.43 102.43 0 0 0-20.6 61.7c0 56.6 46 102.6 102.6 102.6s102.6-46 102.6-102.6c0-22.3-7.4-44-20.6-61.7H923c19.4 0 35.3-15.8 35.3-35.3a35.42 35.42 0 0 0-35.4-35.2zM305.7 253l575.8 1.9-56.4 315.8-452.3.8L305.7 253zm96.9 612.7c-17.4 0-31.6-14.2-31.6-31.6 0-17.4 14.2-31.6 31.6-31.6s31.6 14.2 31.6 31.6a31.6 31.6 0 0 1-31.6 31.6zm325.1 0c-17.4 0-31.6-14.2-31.6-31.6 0-17.4 14.2-31.6 31.6-31.6s31.6 14.2 31.6 31.6a31.6 31.6 0 0 1-31.6 31.6z"
              />
            </svg>
          </button>
        </div>
      </div>
    </div>
  </div>,
  <span />,
  <span
    className="chakra-env"
    hidden={true}
  />,
]
`;
