// Jest Snapshot v1, https://goo.gl/fbAQLP

exports[`snapshot 1`] = `
Array [
  <span />,
  <span
    className="chakra-env"
    hidden={true}
  />,
]
`;
